// Jest Snapshot v1, https://goo.gl/fbAQLP

exports[`BaseInputWithValidation Component Tests is a Vue instance 1`] = `
<span
  id="validator"
>
  <div
    class="v-input theme--light v-text-field"
  >
    <div
      class="v-input__control"
    >
      <div
        class="v-input__slot"
      >
        <div
          class="v-text-field__slot"
        >
          <input
            id="TestInput"
            type="text"
          />
        </div>
      </div>
      <div
        class="v-text-field__details"
      >
        <div
          class="v-messages theme--light"
        >
          <div
            class="v-messages__wrapper"
          />
        </div>
      </div>
    </div>
  </div>
</span>
`;
