// Jest Snapshot v1, https://goo.gl/fbAQLP

exports[`Layouts - default component matches snapshot 1`] = `
<div
  class="v-application v-application--is-ltr theme--dark"
  data-app="true"
  id="app"
>
  <div
    class="v-application--wrap"
  >
    <header
      class="v-sheet theme--dark v-toolbar v-app-bar v-app-bar--fixed"
      style="height: 64px; margin-top: 0px; transform: translateY(0px); left: 0px; right: 0px;"
    >
      <div
        class="v-toolbar__content"
        style="height: 64px;"
      >
        <div
          class="spacer"
        />
         
        <div
          class="v-toolbar__title display-1"
        >
          <nuxt-link-stub
            to="/"
          >
            <span
              class="primary_red__--text font-weight-black"
              id="header"
              innertext="VIN"
            >
              VIN
            </span>
             
            <span
              class="white__--text"
              id="subheader"
              innertext="Decoder"
            >
              Decoder
            </span>
          </nuxt-link-stub>
        </div>
         
        <div
          class="spacer"
        />
      </div>
    </header>
     
    <main
      class="v-main grey lighten-1"
      style="padding: 64px 0px 0px 0px;"
    >
      <div
        class="v-main__wrap"
      >
        <nuxt-stub />
      </div>
    </main>
     
    <footer
      class="v-footer text-center v-sheet theme--dark v-footer--fixed"
      style="left: 0px; right: 0px; bottom: 0px;"
    >
      <div
        class="text-center col col-12"
      >
        
      Made with ❤ by Brandon Eichler - ©
      2020
    
      </div>
    </footer>
  </div>
</div>
`;
